// Jest Snapshot v1, https://goo.gl/fbAQLP

exports[`transformOas2Operation should translate operation 1`] = `
Object {
  "deprecated": true,
  "description": "odesc",
  "id": "?http-operation-id?",
  "iid": "oid",
  "method": "get",
  "path": "/users/{userId}",
  "request": Object {},
  "responses": Array [
    Object {
      "code": "response",
      "contents": Array [
        Object {
          "examples": Array [
            Object {
              "key": "example",
              "value": Object {},
            },
          ],
          "mediaType": "",
          "schema": Object {},
        },
      ],
      "description": "desc",
      "headers": Array [
        Object {
          "description": undefined,
          "name": "header",
          "schema": Object {
            "type": "integer",
          },
          "style": "simple",
        },
      ],
    },
  ],
  "security": Array [
    Array [
      Object {
        "description": undefined,
        "flows": Object {
          "implicit": Object {
            "authorizationUrl": "https://petstore.swagger.io/oauth/dialog",
            "scopes": Object {
              "write:pets": "modify pets in your account",
            },
          },
        },
        "key": "petstore_auth",
        "type": "oauth2",
      },
    ],
    Array [
      Object {
        "description": undefined,
        "in": "header",
        "key": "api_key",
        "name": "api_key_name",
        "type": "apiKey",
      },
    ],
  ],
  "servers": Array [],
  "summary": "osum",
  "tags": Array [],
}
`;
